FETCH / HTTP OK 6697 bytes
FETCH /services/ HTTP OK 6313 bytes
FETCH /tools/ HTTP OK 7140 bytes
FETCH /contact/ HTTP OK 3495 bytes
FETCH /sitemap.xml HTTP OK 352868 bytes
Unique candidates: 30
Inspecting 30
https://ziontechgroup.com/contact 200 size=3505
https://ziontechgroup.com/favicon.ico 200 size=3134
https://ziontechgroup.com/pricing 200 size=3463
https://ziontechgroup.com/services 200 size=6323
https://ziontechgroup.com/services/ai-development-acceleration 200 size=352
https://ziontechgroup.com/services/ai-help-desk-automation 200 size=352
https://ziontechgroup.com/services/cloud-cost-optimization-platform 200 size=1151
https://ziontechgroup.com/services/devops-automation-consulting 200 size=352
https://ziontechgroup.com/services/fleet-management-gps-tracking 200 size=352
https://ziontechgroup.com/services/lead-generation-outreach-automation 200 size=352
https://ziontechgroup.com/services/seo-consulting 200 size=352
https://ziontechgroup.com/services/smart-booking-scheduling-platform 200 size=352
https://ziontechgroup.com/solutions 200 size=3556
https://ziontechgroup.com/tools 200 size=7147
https://ziontechgroup.com/tools/base64 200 size=2235
https://ziontechgroup.com/tools/color-palette-generator 200 size=2286
https://ziontechgroup.com/tools/css-gradient-generator 200 size=2283
https://ziontechgroup.com/tools/html-to-jsx 200 size=2250
https://ziontechgroup.com/tools/json-formatter 200 size=2259
https://ziontechgroup.com/tools/json-to-csv-converter 200 size=2280
https://ziontechgroup.com/tools/jwt-decoder 200 size=2250
https://ziontechgroup.com/tools/password-generator 200 size=2271
https://ziontechgroup.com/tools/qr-code-generator 200 size=2268
https://ziontechgroup.com/tools/regex-tester 200 size=2253
https://ziontechgroup.com/tools/secure-hash-generator 200 size=2280
https://ziontechgroup.com/tools/subnet-calculator 200 size=2268
https://ziontechgroup.com/tools/timestamp-converter 200 size=2274
https://ziontechgroup.com/tools/url-encoder-decoder 200 size=2274
https://ziontechgroup.com/tools/uuid-generator 200 size=2259
https://ziontechgroup.com/tools/word-counter 200 size=2253
