app/blog/ai-api-gateway-starter-template/page.tsx(78,42): error TS1005: '}' expected.
app/blog/ai-api-gateway-starter-template/page.tsx(78,66): error TS1381: Unexpected token. Did you mean `{'}'}` or `&rbrace;`?
app/blog/ai-api-gateway-starter-template/page.tsx(79,10): error TS1382: Unexpected token. Did you mean `{'>'}` or `&gt;`?
app/blog/ai-bdr-sdr-architecture-overview/page.tsx(78,42): error TS1005: '}' expected.
app/blog/ai-bdr-sdr-architecture-overview/page.tsx(78,66): error TS1381: Unexpected token. Did you mean `{'}'}` or `&rbrace;`?
app/blog/ai-bdr-sdr-architecture-overview/page.tsx(79,10): error TS1382: Unexpected token. Did you mean `{'>'}` or `&gt;`?
app/blog/ai-development-acceleration-automation-roadmap/page.tsx(78,42): error TS1005: '}' expected.
app/blog/ai-development-acceleration-automation-roadmap/page.tsx(78,66): error TS1381: Unexpected token. Did you mean `{'}'}` or `&rbrace;`?
app/blog/ai-development-acceleration-automation-roadmap/page.tsx(79,10): error TS1382: Unexpected token. Did you mean `{'>'}` or `&gt;`?
app/blog/autonomous-code-deployment-executive-guide/page.tsx(78,42): error TS1005: '}' expected.
app/blog/autonomous-code-deployment-executive-guide/page.tsx(78,66): error TS1381: Unexpected token. Did you mean `{'}'}` or `&rbrace;`?
app/blog/autonomous-code-deployment-executive-guide/page.tsx(79,10): error TS1382: Unexpected token. Did you mean `{'>'}` or `&gt;`?
app/blog/autonomous-qa-engineering-security-and-governance/page.tsx(75,42): error TS1005: '}' expected.
app/blog/autonomous-qa-engineering-security-and-governance/page.tsx(75,66): error TS1381: Unexpected token. Did you mean `{'}'}` or `&rbrace;`?
app/blog/autonomous-qa-engineering-security-and-governance/page.tsx(76,10): error TS1382: Unexpected token. Did you mean `{'>'}` or `&gt;`?
app/blog/brand-voice-guardian-common-mistakes/page.tsx(78,42): error TS1005: '}' expected.
app/blog/brand-voice-guardian-common-mistakes/page.tsx(78,66): error TS1381: Unexpected token. Did you mean `{'}'}` or `&rbrace;`?
app/blog/brand-voice-guardian-common-mistakes/page.tsx(79,10): error TS1382: Unexpected token. Did you mean `{'>'}` or `&gt;`?
app/blog/container-security-lifecycle-evaluation-framework/page.tsx(78,42): error TS1005: '}' expected.
app/blog/container-security-lifecycle-evaluation-framework/page.tsx(78,66): error TS1381: Unexpected token. Did you mean `{'}'}` or `&rbrace;`?
app/blog/container-security-lifecycle-evaluation-framework/page.tsx(79,10): error TS1382: Unexpected token. Did you mean `{'>'}` or `&gt;`?
app/blog/container-security-lifecycle-vendor-evaluation/page.tsx(78,42): error TS1005: '}' expected.
app/blog/container-security-lifecycle-vendor-evaluation/page.tsx(78,66): error TS1381: Unexpected token. Did you mean `{'}'}` or `&rbrace;`?
app/blog/container-security-lifecycle-vendor-evaluation/page.tsx(79,10): error TS1382: Unexpected token. Did you mean `{'>'}` or `&gt;`?
app/blog/data-warehouse-modernization-checklist-for-it-leaders/page.tsx(75,42): error TS1005: '}' expected.
app/blog/data-warehouse-modernization-checklist-for-it-leaders/page.tsx(75,66): error TS1381: Unexpected token. Did you mean `{'}'}` or `&rbrace;`?
app/blog/data-warehouse-modernization-checklist-for-it-leaders/page.tsx(76,10): error TS1382: Unexpected token. Did you mean `{'>'}` or `&gt;`?
app/blog/data-warehouse-modernization-vendor-evaluation/page.tsx(78,42): error TS1005: '}' expected.
app/blog/data-warehouse-modernization-vendor-evaluation/page.tsx(78,66): error TS1381: Unexpected token. Did you mean `{'}'}` or `&rbrace;`?
app/blog/data-warehouse-modernization-vendor-evaluation/page.tsx(79,10): error TS1382: Unexpected token. Did you mean `{'>'}` or `&gt;`?
app/blog/database-migration-service-automation-roadmap/page.tsx(78,42): error TS1005: '}' expected.
app/blog/database-migration-service-automation-roadmap/page.tsx(78,66): error TS1381: Unexpected token. Did you mean `{'}'}` or `&rbrace;`?
app/blog/database-migration-service-automation-roadmap/page.tsx(79,10): error TS1382: Unexpected token. Did you mean `{'>'}` or `&gt;`?
app/blog/graphql-federation-platform-deployment-patterns/page.tsx(78,42): error TS1005: '}' expected.
app/blog/graphql-federation-platform-deployment-patterns/page.tsx(78,66): error TS1381: Unexpected token. Did you mean `{'}'}` or `&rbrace;`?
app/blog/graphql-federation-platform-deployment-patterns/page.tsx(79,10): error TS1382: Unexpected token. Did you mean `{'>'}` or `&gt;`?
app/blog/hermes-agent-guide-completo/page.tsx(1,3): error TS1109: Expression expected.
app/blog/hermes-agent-guide-completo/page.tsx(2,6): error TS1005: ';' expected.
app/blog/hermes-agent-guide-completo/page.tsx(4,12): error TS1489: Decimals with leading zeros are not allowed.
app/blog/hermes-agent-guide-completo/page.tsx(7,3): error TS1109: Expression expected.
app/blog/hermes-agent-guide-completo/page.tsx(9,1): error TS1109: Expression expected.
app/blog/hermes-agent-multi-agent-coordination/page.tsx(1,3): error TS1109: Expression expected.
app/blog/hermes-agent-multi-agent-coordination/page.tsx(2,6): error TS1005: ';' expected.
app/blog/hermes-agent-multi-agent-coordination/page.tsx(4,12): error TS1489: Decimals with leading zeros are not allowed.
app/blog/hermes-agent-multi-agent-coordination/page.tsx(7,3): error TS1109: Expression expected.
app/blog/hermes-agent-multi-agent-coordination/page.tsx(9,1): error TS1109: Expression expected.
app/components/PageTemplate.tsx(115,5): error TS1005: ')' expected.
app/components/PageTemplate.tsx(116,3): error TS1109: Expression expected.
app/services/ai-autonomous-vehicle-perception/page.tsx(28,41): error TS1003: Identifier expected.
app/services/ai-autonomous-vehicle-perception/page.tsx(28,43): error TS1351: An identifier or keyword cannot immediately follow a numeric literal.
app/services/ai-deepfake-detection-enterprise/page.tsx(26,34): error TS1003: Identifier expected.
app/services/ai-deepfake-detection-enterprise/page.tsx(26,37): error TS1351: An identifier or keyword cannot immediately follow a numeric literal.
app/services/ai-fraud-detection-realtime/page.tsx(23,50): error TS1003: Identifier expected.
app/services/ai-fraud-detection-realtime/page.tsx(23,53): error TS1351: An identifier or keyword cannot immediately follow a numeric literal.
app/services/ai-vision-quality-inspection/page.tsx(24,43): error TS1003: Identifier expected.
app/services/ai-vision-quality-inspection/page.tsx(24,45): error TS1351: An identifier or keyword cannot immediately follow a numeric literal.
app/services/ai-visual-search-recommendation/page.tsx(24,43): error TS1003: Identifier expected.
app/services/ai-visual-search-recommendation/page.tsx(24,46): error TS1351: An identifier or keyword cannot immediately follow a numeric literal.
app/services/cloud-disaster-recovery-service/page.tsx(27,23): error TS1003: Identifier expected.
app/services/cloud-disaster-recovery-service/page.tsx(27,37): error TS1003: Identifier expected.
app/services/cognitive-engine-solution-logistics-32df1cde/page.tsx(14,29): error TS1005: ',' expected.
app/services/cognitive-engine-solution-logistics-32df1cde/page.tsx(14,31): error TS1134: Variable declaration expected.
app/services/cognitive-engine-solution-logistics-32df1cde/page.tsx(14,60): error TS1005: ';' expected.
app/services/cognitive-engine-solution-logistics-32df1cde/page.tsx(14,79): error TS1005: ';' expected.
app/services/cognitive-engine-solution-logistics-32df1cde/page.tsx(14,135): error TS1005: ';' expected.
app/services/cognitive-engine-solution-logistics-32df1cde/page.tsx(14,330): error TS1005: ';' expected.
app/services/cognitive-engine-solution-logistics-32df1cde/page.tsx(14,356): error TS1005: ';' expected.
app/services/cognitive-engine-solution-logistics-32df1cde/page.tsx(14,366): error TS1005: ';' expected.
app/services/cognitive-engine-solution-logistics-32df1cde/page.tsx(14,390): error TS1005: ';' expected.
app/services/cognitive-engine-solution-logistics-32df1cde/page.tsx(14,416): error TS1005: ';' expected.
app/services/cognitive-engine-solution-logistics-32df1cde/page.tsx(14,461): error TS1005: ';' expected.
app/services/cognitive-engine-solution-logistics-32df1cde/page.tsx(14,471): error TS1005: ';' expected.
app/services/cognitive-engine-solution-logistics-32df1cde/page.tsx(14,496): error TS1005: ';' expected.
app/services/cognitive-engine-solution-logistics-32df1cde/page.tsx(14,536): error TS1005: ';' expected.
app/services/cognitive-engine-solution-logistics-32df1cde/page.tsx(14,572): error TS1005: ';' expected.
app/services/cognitive-engine-solution-logistics-32df1cde/page.tsx(14,583): error TS1128: Declaration or statement expected.
app/services/cognitive-engine-solution-logistics-32df1cde/page.tsx(14,598): error TS1005: ';' expected.
app/services/cognitive-engine-solution-logistics-32df1cde/page.tsx(14,608): error TS1005: ';' expected.
app/services/cognitive-engine-solution-logistics-32df1cde/page.tsx(14,625): error TS1005: ';' expected.
app/services/cognitive-engine-solution-logistics-32df1cde/page.tsx(14,639): error TS1128: Declaration or statement expected.
app/services/cognitive-engine-solution-logistics-32df1cde/page.tsx(14,658): error TS1005: ';' expected.
app/services/cognitive-engine-solution-logistics-32df1cde/page.tsx(14,668): error TS1005: ';' expected.
app/services/cognitive-engine-solution-logistics-32df1cde/page.tsx(14,692): error TS1005: ';' expected.
app/services/cognitive-engine-solution-logistics-32df1cde/page.tsx(14,766): error TS1005: ';' expected.
app/services/cognitive-engine-solution-logistics-32df1cde/page.tsx(15,29): error TS1005: ',' expected.
app/services/cognitive-engine-solution-logistics-32df1cde/page.tsx(15,31): error TS1134: Variable declaration expected.
app/services/cognitive-engine-solution-logistics-32df1cde/page.tsx(15,60): error TS1005: ';' expected.
app/services/cognitive-engine-solution-logistics-32df1cde/page.tsx(15,85): error TS1005: ';' expected.
app/services/cognitive-engine-solution-logistics-32df1cde/page.tsx(86,6): error TS1003: Identifier expected.
app/services/cognitive-engine-solution-logistics-32df1cde/page.tsx(86,46): error TS1382: Unexpected token. Did you mean `{'>'}` or `&gt;`?
app/services/cognitive-engine-solution-logistics-32df1cde/page.tsx(87,51): error TS1005: '}' expected.
app/services/cognitive-engine-solution-logistics-32df1cde/page.tsx(87,441): error TS1005: '}' expected.
app/services/cognitive-engine-solution-logistics-32df1cde/page.tsx(87,520): error TS1381: Unexpected token. Did you mean `{'}'}` or `&rbrace;`?
app/services/cognitive-engine-solution-logistics-32df1cde/page.tsx(87,897): error TS1005: '}' expected.
app/services/cognitive-engine-solution-logistics-32df1cde/page.tsx(87,1034): error TS1381: Unexpected token. Did you mean `{'}'}` or `&rbrace;`?
app/services/cognitive-engine-solution-logistics-32df1cde/page.tsx(87,1045): error TS1005: '}' expected.
app/services/cognitive-engine-solution-logistics-32df1cde/page.tsx(87,1196): error TS1381: Unexpected token. Did you mean `{'}'}` or `&rbrace;`?
app/services/cognitive-engine-solution-logistics-32df1cde/page.tsx(87,1207): error TS1005: '}' expected.
app/services/cognitive-engine-solution-logistics-32df1cde/page.tsx(87,1355): error TS1381: Unexpected token. Did you mean `{'}'}` or `&rbrace;`?
app/services/cognitive-engine-solution-logistics-32df1cde/page.tsx(87,1447): error TS1381: Unexpected token. Did you mean `{'}'}` or `&rbrace;`?
app/services/cognitive-engine-solution-logistics-32df1cde/page.tsx(88,51): error TS1005: '}' expected.
app/services/cognitive-engine-solution-logistics-32df1cde/page.tsx(88,118): error TS1005: '}' expected.
app/services/cognitive-engine-solution-logistics-32df1cde/page.tsx(88,226): error TS1005: '}' expected.
app/services/cognitive-engine-solution-logistics-32df1cde/page.tsx(88,276): error TS1381: Unexpected token. Did you mean `{'}'}` or `&rbrace;`?
app/services/cognitive-engine-solution-logistics-32df1cde/page.tsx(88,277): error TS1381: Unexpected token. Did you mean `{'}'}` or `&rbrace;`?
app/services/cognitive-engine-solution-logistics-32df1cde/page.tsx(88,288): error TS1005: '}' expected.
app/services/cognitive-engine-solution-logistics-32df1cde/page.tsx(88,396): error TS1005: '}' expected.
app/services/cognitive-engine-solution-logistics-32df1cde/page.tsx(88,449): error TS1381: Unexpected token. Did you mean `{'}'}` or `&rbrace;`?
app/services/cognitive-engine-solution-logistics-32df1cde/page.tsx(88,450): error TS1381: Unexpected token. Did you mean `{'}'}` or `&rbrace;`?
app/services/cognitive-engine-solution-logistics-32df1cde/page.tsx(88,461): error TS1005: '}' expected.
app/services/cognitive-engine-solution-logistics-32df1cde/page.tsx(88,569): error TS1005: '}' expected.
app/services/cognitive-engine-solution-logistics-32df1cde/page.tsx(88,625): error TS1381: Unexpected token. Did you mean `{'}'}` or `&rbrace;`?
app/services/cognitive-engine-solution-logistics-32df1cde/page.tsx(88,626): error TS1381: Unexpected token. Did you mean `{'}'}` or `&rbrace;`?
app/services/cognitive-engine-solution-logistics-32df1cde/page.tsx(88,637): error TS1005: '}' expected.
app/services/cognitive-engine-solution-logistics-32df1cde/page.tsx(88,745): error TS1005: '}' expected.
app/services/cognitive-engine-solution-logistics-32df1cde/page.tsx(88,798): error TS1381: Unexpected token. Did you mean `{'}'}` or `&rbrace;`?
app/services/cognitive-engine-solution-logistics-32df1cde/page.tsx(88,799): error TS1381: Unexpected token. Did you mean `{'}'}` or `&rbrace;`?
app/services/cognitive-engine-solution-logistics-32df1cde/page.tsx(88,810): error TS1005: '}' expected.
app/services/cognitive-engine-solution-logistics-32df1cde/page.tsx(88,918): error TS1005: '}' expected.
app/services/cognitive-engine-solution-logistics-32df1cde/page.tsx(88,982): error TS1381: Unexpected token. Did you mean `{'}'}` or `&rbrace;`?
app/services/cognitive-engine-solution-logistics-32df1cde/page.tsx(88,983): error TS1381: Unexpected token. Did you mean `{'}'}` or `&rbrace;`?
app/services/cognitive-engine-solution-logistics-32df1cde/page.tsx(88,994): error TS1005: '}' expected.
app/services/cognitive-engine-solution-logistics-32df1cde/page.tsx(88,1123): error TS1005: '}' expected.
app/services/cognitive-engine-solution-logistics-32df1cde/page.tsx(88,1194): error TS1381: Unexpected token. Did you mean `{'}'}` or `&rbrace;`?
app/services/cognitive-engine-solution-logistics-32df1cde/page.tsx(88,1195): error TS1381: Unexpected token. Did you mean `{'}'}` or `&rbrace;`?
app/services/cognitive-engine-solution-logistics-32df1cde/page.tsx(88,1206): error TS1005: '}' expected.
app/services/cognitive-engine-solution-logistics-32df1cde/page.tsx(88,1335): error TS1005: '}' expected.
app/services/cognitive-engine-solution-logistics-32df1cde/page.tsx(88,1391): error TS1381: Unexpected token. Did you mean `{'}'}` or `&rbrace;`?
app/services/cognitive-engine-solution-logistics-32df1cde/page.tsx(88,1392): error TS1381: Unexpected token. Did you mean `{'}'}` or `&rbrace;`?
app/services/cognitive-engine-solution-logistics-32df1cde/page.tsx(88,1403): error TS1005: '}' expected.
app/services/cognitive-engine-solution-logistics-32df1cde/page.tsx(88,1532): error TS1005: '}' expected.
app/services/cognitive-engine-solution-logistics-32df1cde/page.tsx(88,1601): error TS1381: Unexpected token. Did you mean `{'}'}` or `&rbrace;`?
app/services/cognitive-engine-solution-logistics-32df1cde/page.tsx(88,1602): error TS1381: Unexpected token. Did you mean `{'}'}` or `&rbrace;`?
app/services/cognitive-engine-solution-logistics-32df1cde/page.tsx(88,1604): error TS1381: Unexpected token. Did you mean `{'}'}` or `&rbrace;`?
app/services/data-realtime-time-series-analytics/page.tsx(18,193): error TS1003: Identifier expected.
app/services/data-realtime-time-series-analytics/page.tsx(18,196): error TS1351: An identifier or keyword cannot immediately follow a numeric literal.
app/services/disaster-recovery-orchestration/page.tsx(18,167): error TS1003: Identifier expected.
app/services/disaster-recovery-orchestration/page.tsx(18,186): error TS1003: Identifier expected.
app/services/disaster-recovery-orchestration/page.tsx(26,23): error TS1003: Identifier expected.
app/services/disaster-recovery-orchestration/page.tsx(27,23): error TS1003: Identifier expected.
app/services/hermes-agent-platform/page.tsx(36,1): error TS1002: Unterminated string literal.
app/services/it-cloud-cost-management-platform/page.tsx(24,52): error TS1382: Unexpected token. Did you mean `{'>'}` or `&gt;`?
app/services/w174-ai-voice-clone-studio/page.tsx(26,44): error TS1003: Identifier expected.
app/services/w174-ai-voice-clone-studio/page.tsx(26,47): error TS1351: An identifier or keyword cannot immediately follow a numeric literal.
app/services/w174-credrisk/page.tsx(24,47): error TS1003: Identifier expected.
app/services/w176-cloud-backup-dr/page.tsx(26,23): error TS1003: Identifier expected.
app/services/w176-cloud-backup-dr/page.tsx(26,37): error TS1003: Identifier expected.
app/services/w177-edge-compute/page.tsx(26,40): error TS1003: Identifier expected.
app/services/w177-edge-compute/page.tsx(26,42): error TS1351: An identifier or keyword cannot immediately follow a numeric literal.
app/services/wave126-managed-detection-response/page.tsx(26,56): error TS1003: Identifier expected.
